../Core/Src/main.c:145:5:main	8	static
../Core/Src/main.c:230:6:SystemClock_Config	88	static
../Core/Src/main.c:273:13:MX_ADC1_Init	24	static
../Core/Src/main.c:433:13:MX_I2C2_Init	8	static
../Core/Src/main.c:467:13:MX_RTC_Init	8	static
../Core/Src/main.c:502:13:MX_SPI2_Init	8	static
../Core/Src/main.c:540:13:MX_TIM1_Init	56	static
../Core/Src/main.c:590:13:MX_TIM2_Init	56	static
../Core/Src/main.c:639:13:MX_TIM3_Init	64	static
../Core/Src/main.c:702:13:MX_TIM4_Init	48	static
../Core/Src/main.c:751:13:MX_TIM5_Init	32	static
../Core/Src/main.c:796:13:MX_TIM8_Init	80	static
../Core/Src/main.c:861:13:MX_USART1_UART_Init	8	static
../Core/Src/main.c:894:13:MX_USART2_UART_Init	8	static
../Core/Src/main.c:927:13:MX_USART3_UART_Init	8	static
../Core/Src/main.c:958:13:MX_DMA_Init	16	static
../Core/Src/main.c:979:13:MX_GPIO_Init	48	static
../Core/Src/main.c:1056:6:HAL_UART_RxCpltCallback	16	static
../Core/Src/main.c:1097:6:printWelcomeMessage	48	static
../Core/Src/main.c:1108:7:Convert_Pulse_To_Rpm	32	static
../Core/Src/main.c:1115:6:HAL_TIM_PeriodElapsedCallback	112	static
../Core/Src/main.c:1240:6:Error_Handler	4	static,ignoring_inline_asm
