../Core/Src/main.c:99:5:main	8	static
../Core/Src/main.c:167:6:SystemClock_Config	88	static
../Core/Src/main.c:210:13:MX_ADC1_Init	24	static
../Core/Src/main.c:370:13:MX_I2C2_Init	8	static
../Core/Src/main.c:404:13:MX_RTC_Init	8	static
../Core/Src/main.c:439:13:MX_SPI2_Init	8	static
../Core/Src/main.c:477:13:MX_TIM1_Init	56	static
../Core/Src/main.c:527:13:MX_TIM2_Init	56	static
../Core/Src/main.c:576:13:MX_TIM3_Init	64	static
../Core/Src/main.c:639:13:MX_TIM4_Init	48	static
../Core/Src/main.c:688:13:MX_TIM8_Init	80	static
../Core/Src/main.c:753:13:MX_USART1_UART_Init	8	static
../Core/Src/main.c:786:13:MX_USART2_UART_Init	8	static
../Core/Src/main.c:819:13:MX_USART3_UART_Init	8	static
../Core/Src/main.c:850:13:MX_DMA_Init	16	static
../Core/Src/main.c:871:13:MX_GPIO_Init	48	static
../Core/Src/main.c:948:6:HAL_UART_RxCpltCallback	24	static
../Core/Src/main.c:962:6:printWelcomeMessage	48	static
../Core/Src/main.c:979:6:Error_Handler	4	static,ignoring_inline_asm
